Archive member included to satisfy reference by file (symbol)

c:/nxp/lpcxpresso_8.2.0_647/lpcxpresso/tools/bin/../lib/gcc/arm-none-eabi/5.3.1/../../../../arm-none-eabi/lib/armv7-m\libcr_c.a(__weak__main.o)
                              ./Aplicacion/cr_startup_lpc175x_6x.o (__main)

Discarded input sections

 .group         0x00000000        0x8 ./Primitivas/PR_7seg.o
 .group         0x00000000        0x8 ./Primitivas/PR_7seg.o
 .group         0x00000000        0x8 ./Primitivas/PR_7seg.o
 .text          0x00000000        0x0 ./Primitivas/PR_7seg.o
 .data          0x00000000        0x0 ./Primitivas/PR_7seg.o
 .bss           0x00000000        0x0 ./Primitivas/PR_7seg.o
 .rodata.Tabla_Digitos_BCD_7seg
                0x00000000        0xa ./Primitivas/PR_7seg.o
 .text.Display  0x00000000       0xb4 ./Primitivas/PR_7seg.o
 .debug_info    0x00000000      0x103 ./Primitivas/PR_7seg.o
 .debug_abbrev  0x00000000       0xb2 ./Primitivas/PR_7seg.o
 .debug_aranges
                0x00000000       0x20 ./Primitivas/PR_7seg.o
 .debug_ranges  0x00000000       0x10 ./Primitivas/PR_7seg.o
 .debug_macro   0x00000000       0x39 ./Primitivas/PR_7seg.o
 .debug_macro   0x00000000      0x886 ./Primitivas/PR_7seg.o
 .debug_macro   0x00000000       0x28 ./Primitivas/PR_7seg.o
 .debug_macro   0x00000000       0x10 ./Primitivas/PR_7seg.o
 .debug_line    0x00000000      0x133 ./Primitivas/PR_7seg.o
 .debug_str     0x00000000     0x25c7 ./Primitivas/PR_7seg.o
 .comment       0x00000000       0x6f ./Primitivas/PR_7seg.o
 .debug_frame   0x00000000       0x38 ./Primitivas/PR_7seg.o
 .ARM.attributes
                0x00000000       0x33 ./Primitivas/PR_7seg.o
 .group         0x00000000        0x8 ./Primitivas/PR_Teclado.o
 .group         0x00000000        0x8 ./Primitivas/PR_Teclado.o
 .group         0x00000000        0x8 ./Primitivas/PR_Teclado.o
 .group         0x00000000        0x8 ./Primitivas/PR_Teclado.o
 .text          0x00000000        0x0 ./Primitivas/PR_Teclado.o
 .data          0x00000000        0x0 ./Primitivas/PR_Teclado.o
 .bss           0x00000000        0x0 ./Primitivas/PR_Teclado.o
 .debug_macro   0x00000000      0x886 ./Primitivas/PR_Teclado.o
 .debug_macro   0x00000000       0x28 ./Primitivas/PR_Teclado.o
 .group         0x00000000        0x8 ./Primitivas/PR_Timer.o
 .group         0x00000000        0x8 ./Primitivas/PR_Timer.o
 .group         0x00000000        0x8 ./Primitivas/PR_Timer.o
 .group         0x00000000        0x8 ./Primitivas/PR_Timer.o
 .group         0x00000000        0x8 ./Primitivas/PR_Timer.o
 .group         0x00000000        0x8 ./Primitivas/PR_Timer.o
 .group         0x00000000        0x8 ./Primitivas/PR_Timer.o
 .group         0x00000000        0x8 ./Primitivas/PR_Timer.o
 .group         0x00000000        0x8 ./Primitivas/PR_Timer.o
 .group         0x00000000        0x8 ./Primitivas/PR_Timer.o
 .group         0x00000000        0x8 ./Primitivas/PR_Timer.o
 .group         0x00000000        0x8 ./Primitivas/PR_Timer.o
 .group         0x00000000        0x8 ./Primitivas/PR_Timer.o
 .group         0x00000000        0x8 ./Primitivas/PR_Timer.o
 .group         0x00000000        0x8 ./Primitivas/PR_Timer.o
 .group         0x00000000        0x8 ./Primitivas/PR_Timer.o
 .group         0x00000000        0x8 ./Primitivas/PR_Timer.o
 .group         0x00000000        0x8 ./Primitivas/PR_Timer.o
 .group         0x00000000        0x8 ./Primitivas/PR_Timer.o
 .text          0x00000000        0x0 ./Primitivas/PR_Timer.o
 .data          0x00000000        0x0 ./Primitivas/PR_Timer.o
 .bss           0x00000000        0x0 ./Primitivas/PR_Timer.o
 .text.TimerSet
                0x00000000       0x64 ./Primitivas/PR_Timer.o
 .text.TimerGet
                0x00000000       0x70 ./Primitivas/PR_Timer.o
 .text.TimerStandBy
                0x00000000       0x28 ./Primitivas/PR_Timer.o
 .text.TimerStop
                0x00000000       0x54 ./Primitivas/PR_Timer.o
 .text.TimerClose
                0x00000000       0x2c ./Primitivas/PR_Timer.o
 .debug_macro   0x00000000      0x886 ./Primitivas/PR_Timer.o
 .debug_macro   0x00000000       0x28 ./Primitivas/PR_Timer.o
 .debug_macro   0x00000000       0x10 ./Primitivas/PR_Timer.o
 .debug_macro   0x00000000       0x28 ./Primitivas/PR_Timer.o
 .group         0x00000000        0x8 ./Primitivas/PR_uart.o
 .group         0x00000000        0x8 ./Primitivas/PR_uart.o
 .group         0x00000000        0x8 ./Primitivas/PR_uart.o
 .group         0x00000000        0x8 ./Primitivas/PR_uart.o
 .group         0x00000000        0x8 ./Primitivas/PR_uart.o
 .group         0x00000000        0x8 ./Primitivas/PR_uart.o
 .group         0x00000000        0x8 ./Primitivas/PR_uart.o
 .text          0x00000000        0x0 ./Primitivas/PR_uart.o
 .data          0x00000000        0x0 ./Primitivas/PR_uart.o
 .bss           0x00000000        0x0 ./Primitivas/PR_uart.o
 .text.Push_TX  0x00000000       0x70 ./Primitivas/PR_uart.o
 .text.Pop_RX   0x00000000       0x68 ./Primitivas/PR_uart.o
 .text.Transmitir
                0x00000000       0x2c ./Primitivas/PR_uart.o
 .debug_info    0x00000000      0x158 ./Primitivas/PR_uart.o
 .debug_abbrev  0x00000000       0xe3 ./Primitivas/PR_uart.o
 .debug_aranges
                0x00000000       0x30 ./Primitivas/PR_uart.o
 .debug_ranges  0x00000000       0x20 ./Primitivas/PR_uart.o
 .debug_macro   0x00000000       0x5d ./Primitivas/PR_uart.o
 .debug_macro   0x00000000      0x886 ./Primitivas/PR_uart.o
 .debug_macro   0x00000000       0x28 ./Primitivas/PR_uart.o
 .debug_macro   0x00000000      0x118 ./Primitivas/PR_uart.o
 .debug_macro   0x00000000      0x142 ./Primitivas/PR_uart.o
 .debug_macro   0x00000000       0x64 ./Primitivas/PR_uart.o
 .debug_macro   0x00000000       0xbe ./Primitivas/PR_uart.o
 .debug_macro   0x00000000       0x94 ./Primitivas/PR_uart.o
 .debug_line    0x00000000      0x123 ./Primitivas/PR_uart.o
 .debug_str     0x00000000     0x36a7 ./Primitivas/PR_uart.o
 .comment       0x00000000       0x6f ./Primitivas/PR_uart.o
 .debug_frame   0x00000000       0x84 ./Primitivas/PR_uart.o
 .ARM.attributes
                0x00000000       0x33 ./Primitivas/PR_uart.o
 .group         0x00000000        0x8 ./Driver_LPC1769/DR_EINT.o
 .group         0x00000000        0x8 ./Driver_LPC1769/DR_EINT.o
 .group         0x00000000        0x8 ./Driver_LPC1769/DR_EINT.o
 .group         0x00000000        0x8 ./Driver_LPC1769/DR_EINT.o
 .group         0x00000000        0x8 ./Driver_LPC1769/DR_EINT.o
 .group         0x00000000        0x8 ./Driver_LPC1769/DR_EINT.o
 .group         0x00000000        0x8 ./Driver_LPC1769/DR_EINT.o
 .group         0x00000000        0x8 ./Driver_LPC1769/DR_EINT.o
 .group         0x00000000        0x8 ./Driver_LPC1769/DR_EINT.o
 .group         0x00000000        0x8 ./Driver_LPC1769/DR_EINT.o
 .group         0x00000000        0x8 ./Driver_LPC1769/DR_EINT.o
 .group         0x00000000        0x8 ./Driver_LPC1769/DR_EINT.o
 .group         0x00000000        0x8 ./Driver_LPC1769/DR_EINT.o
 .group         0x00000000        0x8 ./Driver_LPC1769/DR_EINT.o
 .group         0x00000000        0x8 ./Driver_LPC1769/DR_EINT.o
 .group         0x00000000        0x8 ./Driver_LPC1769/DR_EINT.o
 .text          0x00000000        0x0 ./Driver_LPC1769/DR_EINT.o
 .data          0x00000000        0x0 ./Driver_LPC1769/DR_EINT.o
 .bss           0x00000000        0x0 ./Driver_LPC1769/DR_EINT.o
 .text.EXT0_Inicializacion
                0x00000000       0x34 ./Driver_LPC1769/DR_EINT.o
 .debug_macro   0x00000000      0x886 ./Driver_LPC1769/DR_EINT.o
 .debug_macro   0x00000000       0x28 ./Driver_LPC1769/DR_EINT.o
 .debug_macro   0x00000000       0x64 ./Driver_LPC1769/DR_EINT.o
 .debug_macro   0x00000000       0xbe ./Driver_LPC1769/DR_EINT.o
 .debug_macro   0x00000000      0x13c ./Driver_LPC1769/DR_EINT.o
 .debug_macro   0x00000000       0x40 ./Driver_LPC1769/DR_EINT.o
 .debug_macro   0x00000000      0x118 ./Driver_LPC1769/DR_EINT.o
 .debug_macro   0x00000000       0x3a ./Driver_LPC1769/DR_EINT.o
 .debug_macro   0x00000000       0x94 ./Driver_LPC1769/DR_EINT.o
 .debug_macro   0x00000000       0x10 ./Driver_LPC1769/DR_EINT.o
 .debug_macro   0x00000000       0x10 ./Driver_LPC1769/DR_EINT.o
 .debug_macro   0x00000000       0x28 ./Driver_LPC1769/DR_EINT.o
 .debug_macro   0x00000000      0x247 ./Driver_LPC1769/DR_EINT.o
 .debug_macro   0x00000000       0x28 ./Driver_LPC1769/DR_EINT.o
 .debug_macro   0x00000000       0x40 ./Driver_LPC1769/DR_EINT.o
 .debug_macro   0x00000000       0x6a ./Driver_LPC1769/DR_EINT.o
 .group         0x00000000        0x8 ./Driver_LPC1769/DR_PLL.o
 .group         0x00000000        0x8 ./Driver_LPC1769/DR_PLL.o
 .group         0x00000000        0x8 ./Driver_LPC1769/DR_PLL.o
 .text          0x00000000        0x0 ./Driver_LPC1769/DR_PLL.o
 .data          0x00000000        0x0 ./Driver_LPC1769/DR_PLL.o
 .bss           0x00000000        0x0 ./Driver_LPC1769/DR_PLL.o
 .debug_macro   0x00000000      0x886 ./Driver_LPC1769/DR_PLL.o
 .debug_macro   0x00000000       0x28 ./Driver_LPC1769/DR_PLL.o
 .group         0x00000000        0x8 ./Driver_LPC1769/DR_SysTick.o
 .group         0x00000000        0x8 ./Driver_LPC1769/DR_SysTick.o
 .group         0x00000000        0x8 ./Driver_LPC1769/DR_SysTick.o
 .group         0x00000000        0x8 ./Driver_LPC1769/DR_SysTick.o
 .group         0x00000000        0x8 ./Driver_LPC1769/DR_SysTick.o
 .group         0x00000000        0x8 ./Driver_LPC1769/DR_SysTick.o
 .group         0x00000000        0x8 ./Driver_LPC1769/DR_SysTick.o
 .group         0x00000000        0x8 ./Driver_LPC1769/DR_SysTick.o
 .group         0x00000000        0x8 ./Driver_LPC1769/DR_SysTick.o
 .group         0x00000000        0x8 ./Driver_LPC1769/DR_SysTick.o
 .group         0x00000000        0x8 ./Driver_LPC1769/DR_SysTick.o
 .group         0x00000000        0x8 ./Driver_LPC1769/DR_SysTick.o
 .group         0x00000000        0x8 ./Driver_LPC1769/DR_SysTick.o
 .group         0x00000000        0x8 ./Driver_LPC1769/DR_SysTick.o
 .group         0x00000000        0x8 ./Driver_LPC1769/DR_SysTick.o
 .group         0x00000000        0x8 ./Driver_LPC1769/DR_SysTick.o
 .text          0x00000000        0x0 ./Driver_LPC1769/DR_SysTick.o
 .data          0x00000000        0x0 ./Driver_LPC1769/DR_SysTick.o
 .bss           0x00000000        0x0 ./Driver_LPC1769/DR_SysTick.o
 .debug_macro   0x00000000      0x886 ./Driver_LPC1769/DR_SysTick.o
 .debug_macro   0x00000000       0x28 ./Driver_LPC1769/DR_SysTick.o
 .debug_macro   0x00000000       0x5e ./Driver_LPC1769/DR_SysTick.o
 .debug_macro   0x00000000       0x28 ./Driver_LPC1769/DR_SysTick.o
 .debug_macro   0x00000000      0x142 ./Driver_LPC1769/DR_SysTick.o
 .debug_macro   0x00000000      0x118 ./Driver_LPC1769/DR_SysTick.o
 .debug_macro   0x00000000       0xbe ./Driver_LPC1769/DR_SysTick.o
 .debug_macro   0x00000000       0x3a ./Driver_LPC1769/DR_SysTick.o
 .debug_macro   0x00000000       0x94 ./Driver_LPC1769/DR_SysTick.o
 .debug_macro   0x00000000      0x247 ./Driver_LPC1769/DR_SysTick.o
 .debug_macro   0x00000000       0x28 ./Driver_LPC1769/DR_SysTick.o
 .debug_macro   0x00000000       0x40 ./Driver_LPC1769/DR_SysTick.o
 .debug_macro   0x00000000       0x6a ./Driver_LPC1769/DR_SysTick.o
 .group         0x00000000        0x8 ./Driver_LPC1769/DR_adc.o
 .group         0x00000000        0x8 ./Driver_LPC1769/DR_adc.o
 .group         0x00000000        0x8 ./Driver_LPC1769/DR_adc.o
 .group         0x00000000        0x8 ./Driver_LPC1769/DR_adc.o
 .group         0x00000000        0x8 ./Driver_LPC1769/DR_adc.o
 .group         0x00000000        0x8 ./Driver_LPC1769/DR_adc.o
 .group         0x00000000        0x8 ./Driver_LPC1769/DR_adc.o
 .text          0x00000000        0x0 ./Driver_LPC1769/DR_adc.o
 .data          0x00000000        0x0 ./Driver_LPC1769/DR_adc.o
 .bss           0x00000000        0x0 ./Driver_LPC1769/DR_adc.o
 .text.Inic_ADC
                0x00000000       0xc4 ./Driver_LPC1769/DR_adc.o
 .debug_macro   0x00000000      0x886 ./Driver_LPC1769/DR_adc.o
 .debug_macro   0x00000000       0x28 ./Driver_LPC1769/DR_adc.o
 .debug_macro   0x00000000       0x64 ./Driver_LPC1769/DR_adc.o
 .debug_macro   0x00000000       0xbe ./Driver_LPC1769/DR_adc.o
 .debug_macro   0x00000000      0x118 ./Driver_LPC1769/DR_adc.o
 .debug_macro   0x00000000      0x142 ./Driver_LPC1769/DR_adc.o
 .group         0x00000000        0x8 ./Driver_LPC1769/DR_gpio.o
 .group         0x00000000        0x8 ./Driver_LPC1769/DR_gpio.o
 .group         0x00000000        0x8 ./Driver_LPC1769/DR_gpio.o
 .text          0x00000000        0x0 ./Driver_LPC1769/DR_gpio.o
 .data          0x00000000        0x0 ./Driver_LPC1769/DR_gpio.o
 .bss           0x00000000        0x0 ./Driver_LPC1769/DR_gpio.o
 .debug_macro   0x00000000      0x886 ./Driver_LPC1769/DR_gpio.o
 .debug_macro   0x00000000       0x28 ./Driver_LPC1769/DR_gpio.o
 .debug_macro   0x00000000      0x13c ./Driver_LPC1769/DR_gpio.o
 .group         0x00000000        0x8 ./Driver_LPC1769/DR_pinsel.o
 .group         0x00000000        0x8 ./Driver_LPC1769/DR_pinsel.o
 .group         0x00000000        0x8 ./Driver_LPC1769/DR_pinsel.o
 .text          0x00000000        0x0 ./Driver_LPC1769/DR_pinsel.o
 .data          0x00000000        0x0 ./Driver_LPC1769/DR_pinsel.o
 .bss           0x00000000        0x0 ./Driver_LPC1769/DR_pinsel.o
 .debug_macro   0x00000000      0x886 ./Driver_LPC1769/DR_pinsel.o
 .debug_macro   0x00000000       0x28 ./Driver_LPC1769/DR_pinsel.o
 .debug_macro   0x00000000       0x5e ./Driver_LPC1769/DR_pinsel.o
 .group         0x00000000        0x8 ./Driver_LPC1769/DR_timer0123.o
 .group         0x00000000        0x8 ./Driver_LPC1769/DR_timer0123.o
 .group         0x00000000        0x8 ./Driver_LPC1769/DR_timer0123.o
 .group         0x00000000        0x8 ./Driver_LPC1769/DR_timer0123.o
 .group         0x00000000        0x8 ./Driver_LPC1769/DR_timer0123.o
 .group         0x00000000        0x8 ./Driver_LPC1769/DR_timer0123.o
 .group         0x00000000        0x8 ./Driver_LPC1769/DR_timer0123.o
 .text          0x00000000        0x0 ./Driver_LPC1769/DR_timer0123.o
 .data          0x00000000        0x0 ./Driver_LPC1769/DR_timer0123.o
 .bss           0x00000000        0x0 ./Driver_LPC1769/DR_timer0123.o
 .debug_macro   0x00000000      0x886 ./Driver_LPC1769/DR_timer0123.o
 .debug_macro   0x00000000       0x28 ./Driver_LPC1769/DR_timer0123.o
 .debug_macro   0x00000000      0x118 ./Driver_LPC1769/DR_timer0123.o
 .debug_macro   0x00000000       0x64 ./Driver_LPC1769/DR_timer0123.o
 .debug_macro   0x00000000       0xbe ./Driver_LPC1769/DR_timer0123.o
 .debug_macro   0x00000000      0x142 ./Driver_LPC1769/DR_timer0123.o
 .group         0x00000000        0x8 ./Driver_LPC1769/DR_uart.o
 .group         0x00000000        0x8 ./Driver_LPC1769/DR_uart.o
 .group         0x00000000        0x8 ./Driver_LPC1769/DR_uart.o
 .group         0x00000000        0x8 ./Driver_LPC1769/DR_uart.o
 .group         0x00000000        0x8 ./Driver_LPC1769/DR_uart.o
 .group         0x00000000        0x8 ./Driver_LPC1769/DR_uart.o
 .group         0x00000000        0x8 ./Driver_LPC1769/DR_uart.o
 .text          0x00000000        0x0 ./Driver_LPC1769/DR_uart.o
 .data          0x00000000        0x0 ./Driver_LPC1769/DR_uart.o
 .bss           0x00000000        0x0 ./Driver_LPC1769/DR_uart.o
 .bss.inx_RX_out
                0x00000000        0x1 ./Driver_LPC1769/DR_uart.o
 .debug_macro   0x00000000      0x886 ./Driver_LPC1769/DR_uart.o
 .debug_macro   0x00000000       0x28 ./Driver_LPC1769/DR_uart.o
 .debug_macro   0x00000000      0x118 ./Driver_LPC1769/DR_uart.o
 .debug_macro   0x00000000      0x142 ./Driver_LPC1769/DR_uart.o
 .debug_macro   0x00000000       0x64 ./Driver_LPC1769/DR_uart.o
 .debug_macro   0x00000000       0xbe ./Driver_LPC1769/DR_uart.o
 .debug_macro   0x00000000       0x94 ./Driver_LPC1769/DR_uart.o
 .group         0x00000000        0x8 ./Driver_Infotronic/DR_7seg.o
 .group         0x00000000        0x8 ./Driver_Infotronic/DR_7seg.o
 .group         0x00000000        0x8 ./Driver_Infotronic/DR_7seg.o
 .text          0x00000000        0x0 ./Driver_Infotronic/DR_7seg.o
 .data          0x00000000        0x0 ./Driver_Infotronic/DR_7seg.o
 .bss           0x00000000        0x0 ./Driver_Infotronic/DR_7seg.o
 .bss.Digito_Display
                0x00000000        0x6 ./Driver_Infotronic/DR_7seg.o
 .text.BarridoDisplay
                0x00000000      0x1a0 ./Driver_Infotronic/DR_7seg.o
 .text.Inicializar_Display
                0x00000000       0x94 ./Driver_Infotronic/DR_7seg.o
 .bss.Indice_Display.3715
                0x00000000        0x1 ./Driver_Infotronic/DR_7seg.o
 .debug_info    0x00000000       0xcd ./Driver_Infotronic/DR_7seg.o
 .debug_abbrev  0x00000000       0x9e ./Driver_Infotronic/DR_7seg.o
 .debug_aranges
                0x00000000       0x28 ./Driver_Infotronic/DR_7seg.o
 .debug_ranges  0x00000000       0x18 ./Driver_Infotronic/DR_7seg.o
 .debug_macro   0x00000000       0xb5 ./Driver_Infotronic/DR_7seg.o
 .debug_macro   0x00000000      0x886 ./Driver_Infotronic/DR_7seg.o
 .debug_macro   0x00000000       0x28 ./Driver_Infotronic/DR_7seg.o
 .debug_macro   0x00000000      0x13c ./Driver_Infotronic/DR_7seg.o
 .debug_line    0x00000000       0xfc ./Driver_Infotronic/DR_7seg.o
 .debug_str     0x00000000     0x2aa7 ./Driver_Infotronic/DR_7seg.o
 .comment       0x00000000       0x6f ./Driver_Infotronic/DR_7seg.o
 .debug_frame   0x00000000       0x50 ./Driver_Infotronic/DR_7seg.o
 .ARM.attributes
                0x00000000       0x33 ./Driver_Infotronic/DR_7seg.o
 .group         0x00000000        0x8 ./Driver_Infotronic/DR_DigSig.o
 .group         0x00000000        0x8 ./Driver_Infotronic/DR_DigSig.o
 .group         0x00000000        0x8 ./Driver_Infotronic/DR_DigSig.o
 .group         0x00000000        0x8 ./Driver_Infotronic/DR_DigSig.o
 .text          0x00000000        0x0 ./Driver_Infotronic/DR_DigSig.o
 .data          0x00000000        0x0 ./Driver_Infotronic/DR_DigSig.o
 .bss           0x00000000        0x0 ./Driver_Infotronic/DR_DigSig.o
 .bss.bufferEntrada
                0x00000000        0x1 ./Driver_Infotronic/DR_DigSig.o
 .text.debounce
                0x00000000       0xfc ./Driver_Infotronic/DR_DigSig.o
 .bss.ContadorEntradas.3711
                0x00000000        0x4 ./Driver_Infotronic/DR_DigSig.o
 .debug_info    0x00000000       0xd3 ./Driver_Infotronic/DR_DigSig.o
 .debug_abbrev  0x00000000       0x95 ./Driver_Infotronic/DR_DigSig.o
 .debug_aranges
                0x00000000       0x20 ./Driver_Infotronic/DR_DigSig.o
 .debug_ranges  0x00000000       0x10 ./Driver_Infotronic/DR_DigSig.o
 .debug_macro   0x00000000       0x3c ./Driver_Infotronic/DR_DigSig.o
 .debug_macro   0x00000000      0x886 ./Driver_Infotronic/DR_DigSig.o
 .debug_macro   0x00000000       0x28 ./Driver_Infotronic/DR_DigSig.o
 .debug_macro   0x00000000      0x13c ./Driver_Infotronic/DR_DigSig.o
 .debug_macro   0x00000000       0x28 ./Driver_Infotronic/DR_DigSig.o
 .debug_line    0x00000000       0xfe ./Driver_Infotronic/DR_DigSig.o
 .debug_str     0x00000000     0x29e9 ./Driver_Infotronic/DR_DigSig.o
 .comment       0x00000000       0x6f ./Driver_Infotronic/DR_DigSig.o
 .debug_frame   0x00000000       0x34 ./Driver_Infotronic/DR_DigSig.o
 .ARM.attributes
                0x00000000       0x33 ./Driver_Infotronic/DR_DigSig.o
 .group         0x00000000        0x8 ./Driver_Infotronic/DR_MPP.o
 .group         0x00000000        0x8 ./Driver_Infotronic/DR_MPP.o
 .group         0x00000000        0x8 ./Driver_Infotronic/DR_MPP.o
 .group         0x00000000        0x8 ./Driver_Infotronic/DR_MPP.o
 .group         0x00000000        0x8 ./Driver_Infotronic/DR_MPP.o
 .group         0x00000000        0x8 ./Driver_Infotronic/DR_MPP.o
 .group         0x00000000        0x8 ./Driver_Infotronic/DR_MPP.o
 .group         0x00000000        0x8 ./Driver_Infotronic/DR_MPP.o
 .group         0x00000000        0x8 ./Driver_Infotronic/DR_MPP.o
 .group         0x00000000        0x8 ./Driver_Infotronic/DR_MPP.o
 .group         0x00000000        0x8 ./Driver_Infotronic/DR_MPP.o
 .group         0x00000000        0x8 ./Driver_Infotronic/DR_MPP.o
 .group         0x00000000        0x8 ./Driver_Infotronic/DR_MPP.o
 .group         0x00000000        0x8 ./Driver_Infotronic/DR_MPP.o
 .group         0x00000000        0x8 ./Driver_Infotronic/DR_MPP.o
 .group         0x00000000        0x8 ./Driver_Infotronic/DR_MPP.o
 .text          0x00000000        0x0 ./Driver_Infotronic/DR_MPP.o
 .data          0x00000000        0x0 ./Driver_Infotronic/DR_MPP.o
 .bss           0x00000000        0x0 ./Driver_Infotronic/DR_MPP.o
 .debug_macro   0x00000000      0x886 ./Driver_Infotronic/DR_MPP.o
 .debug_macro   0x00000000       0x28 ./Driver_Infotronic/DR_MPP.o
 .debug_macro   0x00000000      0x13c ./Driver_Infotronic/DR_MPP.o
 .debug_macro   0x00000000       0x40 ./Driver_Infotronic/DR_MPP.o
 .debug_macro   0x00000000      0x118 ./Driver_Infotronic/DR_MPP.o
 .debug_macro   0x00000000       0x64 ./Driver_Infotronic/DR_MPP.o
 .debug_macro   0x00000000       0xbe ./Driver_Infotronic/DR_MPP.o
 .debug_macro   0x00000000       0x3a ./Driver_Infotronic/DR_MPP.o
 .debug_macro   0x00000000       0x94 ./Driver_Infotronic/DR_MPP.o
 .debug_macro   0x00000000       0x10 ./Driver_Infotronic/DR_MPP.o
 .debug_macro   0x00000000       0x10 ./Driver_Infotronic/DR_MPP.o
 .debug_macro   0x00000000       0x28 ./Driver_Infotronic/DR_MPP.o
 .debug_macro   0x00000000      0x247 ./Driver_Infotronic/DR_MPP.o
 .debug_macro   0x00000000       0x40 ./Driver_Infotronic/DR_MPP.o
 .debug_macro   0x00000000       0x6a ./Driver_Infotronic/DR_MPP.o
 .group         0x00000000        0x8 ./Driver_Infotronic/DR_Teclado.o
 .group         0x00000000        0x8 ./Driver_Infotronic/DR_Teclado.o
 .group         0x00000000        0x8 ./Driver_Infotronic/DR_Teclado.o
 .group         0x00000000        0x8 ./Driver_Infotronic/DR_Teclado.o
 .group         0x00000000        0x8 ./Driver_Infotronic/DR_Teclado.o
 .text          0x00000000        0x0 ./Driver_Infotronic/DR_Teclado.o
 .data          0x00000000        0x0 ./Driver_Infotronic/DR_Teclado.o
 .bss           0x00000000        0x0 ./Driver_Infotronic/DR_Teclado.o
 .debug_macro   0x00000000      0x886 ./Driver_Infotronic/DR_Teclado.o
 .debug_macro   0x00000000       0x28 ./Driver_Infotronic/DR_Teclado.o
 .debug_macro   0x00000000       0x5e ./Driver_Infotronic/DR_Teclado.o
 .debug_macro   0x00000000       0x28 ./Driver_Infotronic/DR_Teclado.o
 .debug_macro   0x00000000      0x142 ./Driver_Infotronic/DR_Teclado.o
 .group         0x00000000        0x8 ./Driver_Infotronic/Inicializacion.o
 .group         0x00000000        0x8 ./Driver_Infotronic/Inicializacion.o
 .group         0x00000000        0x8 ./Driver_Infotronic/Inicializacion.o
 .group         0x00000000        0x8 ./Driver_Infotronic/Inicializacion.o
 .group         0x00000000        0x8 ./Driver_Infotronic/Inicializacion.o
 .group         0x00000000        0x8 ./Driver_Infotronic/Inicializacion.o
 .group         0x00000000        0x8 ./Driver_Infotronic/Inicializacion.o
 .group         0x00000000        0x8 ./Driver_Infotronic/Inicializacion.o
 .group         0x00000000        0x8 ./Driver_Infotronic/Inicializacion.o
 .group         0x00000000        0x8 ./Driver_Infotronic/Inicializacion.o
 .group         0x00000000        0x8 ./Driver_Infotronic/Inicializacion.o
 .group         0x00000000        0x8 ./Driver_Infotronic/Inicializacion.o
 .group         0x00000000        0x8 ./Driver_Infotronic/Inicializacion.o
 .group         0x00000000        0x8 ./Driver_Infotronic/Inicializacion.o
 .group         0x00000000        0x8 ./Driver_Infotronic/Inicializacion.o
 .text          0x00000000        0x0 ./Driver_Infotronic/Inicializacion.o
 .data          0x00000000        0x0 ./Driver_Infotronic/Inicializacion.o
 .bss           0x00000000        0x0 ./Driver_Infotronic/Inicializacion.o
 .text.UART0_Inicializacion
                0x00000000       0x78 ./Driver_Infotronic/Inicializacion.o
 .debug_macro   0x00000000      0x886 ./Driver_Infotronic/Inicializacion.o
 .debug_macro   0x00000000       0x28 ./Driver_Infotronic/Inicializacion.o
 .debug_macro   0x00000000      0x13c ./Driver_Infotronic/Inicializacion.o
 .debug_macro   0x00000000       0x40 ./Driver_Infotronic/Inicializacion.o
 .debug_macro   0x00000000      0x118 ./Driver_Infotronic/Inicializacion.o
 .debug_macro   0x00000000       0x64 ./Driver_Infotronic/Inicializacion.o
 .debug_macro   0x00000000       0xbe ./Driver_Infotronic/Inicializacion.o
 .debug_macro   0x00000000       0x3a ./Driver_Infotronic/Inicializacion.o
 .debug_macro   0x00000000       0x94 ./Driver_Infotronic/Inicializacion.o
 .debug_macro   0x00000000       0x10 ./Driver_Infotronic/Inicializacion.o
 .debug_macro   0x00000000       0x28 ./Driver_Infotronic/Inicializacion.o
 .debug_macro   0x00000000       0x6a ./Driver_Infotronic/Inicializacion.o
 .debug_macro   0x00000000      0x247 ./Driver_Infotronic/Inicializacion.o
 .debug_macro   0x00000000       0x28 ./Driver_Infotronic/Inicializacion.o
 .debug_macro   0x00000000       0x40 ./Driver_Infotronic/Inicializacion.o
 .group         0x00000000        0x8 ./Aplicacion/TPO.o
 .group         0x00000000        0x8 ./Aplicacion/TPO.o
 .group         0x00000000        0x8 ./Aplicacion/TPO.o
 .group         0x00000000        0x8 ./Aplicacion/TPO.o
 .group         0x00000000        0x8 ./Aplicacion/TPO.o
 .group         0x00000000        0x8 ./Aplicacion/TPO.o
 .group         0x00000000        0x8 ./Aplicacion/TPO.o
 .group         0x00000000        0x8 ./Aplicacion/TPO.o
 .group         0x00000000        0x8 ./Aplicacion/TPO.o
 .group         0x00000000        0x8 ./Aplicacion/TPO.o
 .group         0x00000000        0x8 ./Aplicacion/TPO.o
 .group         0x00000000        0x8 ./Aplicacion/TPO.o
 .group         0x00000000        0x8 ./Aplicacion/TPO.o
 .group         0x00000000        0x8 ./Aplicacion/TPO.o
 .group         0x00000000        0x8 ./Aplicacion/TPO.o
 .group         0x00000000        0x8 ./Aplicacion/TPO.o
 .text          0x00000000        0x0 ./Aplicacion/TPO.o
 .data          0x00000000        0x0 ./Aplicacion/TPO.o
 .bss           0x00000000        0x0 ./Aplicacion/TPO.o
 .debug_macro   0x00000000      0x886 ./Aplicacion/TPO.o
 .debug_macro   0x00000000       0x28 ./Aplicacion/TPO.o
 .debug_macro   0x00000000      0x13c ./Aplicacion/TPO.o
 .debug_macro   0x00000000       0x40 ./Aplicacion/TPO.o
 .debug_macro   0x00000000      0x118 ./Aplicacion/TPO.o
 .debug_macro   0x00000000       0x64 ./Aplicacion/TPO.o
 .debug_macro   0x00000000       0xbe ./Aplicacion/TPO.o
 .debug_macro   0x00000000       0x3a ./Aplicacion/TPO.o
 .debug_macro   0x00000000       0x94 ./Aplicacion/TPO.o
 .debug_macro   0x00000000       0x10 ./Aplicacion/TPO.o
 .debug_macro   0x00000000       0x28 ./Aplicacion/TPO.o
 .debug_macro   0x00000000       0x6a ./Aplicacion/TPO.o
 .debug_macro   0x00000000      0x247 ./Aplicacion/TPO.o
 .debug_macro   0x00000000       0x28 ./Aplicacion/TPO.o
 .debug_macro   0x00000000       0x40 ./Aplicacion/TPO.o
 .group         0x00000000        0x8 ./Aplicacion/cr_startup_lpc175x_6x.o
 .text          0x00000000        0x0 ./Aplicacion/cr_startup_lpc175x_6x.o
 .data          0x00000000        0x0 ./Aplicacion/cr_startup_lpc175x_6x.o
 .bss           0x00000000        0x0 ./Aplicacion/cr_startup_lpc175x_6x.o
 .debug_macro   0x00000000      0x886 ./Aplicacion/cr_startup_lpc175x_6x.o
 .group         0x00000000        0x8 ./Aplicacion/crp.o
 .group         0x00000000        0x8 ./Aplicacion/crp.o
 .text          0x00000000        0x0 ./Aplicacion/crp.o
 .data          0x00000000        0x0 ./Aplicacion/crp.o
 .bss           0x00000000        0x0 ./Aplicacion/crp.o
 .debug_macro   0x00000000      0x886 ./Aplicacion/crp.o
 .text          0x00000000        0x0 c:/nxp/lpcxpresso_8.2.0_647/lpcxpresso/tools/bin/../lib/gcc/arm-none-eabi/5.3.1/../../../../arm-none-eabi/lib/armv7-m\libcr_c.a(__weak__main.o)
 .data          0x00000000        0x0 c:/nxp/lpcxpresso_8.2.0_647/lpcxpresso/tools/bin/../lib/gcc/arm-none-eabi/5.3.1/../../../../arm-none-eabi/lib/armv7-m\libcr_c.a(__weak__main.o)
 .bss           0x00000000        0x0 c:/nxp/lpcxpresso_8.2.0_647/lpcxpresso/tools/bin/../lib/gcc/arm-none-eabi/5.3.1/../../../../arm-none-eabi/lib/armv7-m\libcr_c.a(__weak__main.o)

Memory Configuration

Name             Origin             Length             Attributes
MFlash512        0x00000000         0x00080000         xr
RamLoc32         0x10000000         0x00008000         xrw
RamAHB32         0x2007c000         0x00008000         xrw
*default*        0x00000000         0xffffffff

Linker script and memory map

LOAD ./Primitivas/PR_7seg.o
LOAD ./Primitivas/PR_Teclado.o
LOAD ./Primitivas/PR_Timer.o
LOAD ./Primitivas/PR_uart.o
LOAD ./Driver_LPC1769/DR_EINT.o
LOAD ./Driver_LPC1769/DR_PLL.o
LOAD ./Driver_LPC1769/DR_SysTick.o
LOAD ./Driver_LPC1769/DR_adc.o
LOAD ./Driver_LPC1769/DR_gpio.o
LOAD ./Driver_LPC1769/DR_pinsel.o
LOAD ./Driver_LPC1769/DR_timer0123.o
LOAD ./Driver_LPC1769/DR_uart.o
LOAD ./Driver_Infotronic/DR_7seg.o
LOAD ./Driver_Infotronic/DR_DigSig.o
LOAD ./Driver_Infotronic/DR_MPP.o
LOAD ./Driver_Infotronic/DR_Teclado.o
LOAD ./Driver_Infotronic/Inicializacion.o
LOAD ./Aplicacion/TPO.o
LOAD ./Aplicacion/cr_startup_lpc175x_6x.o
LOAD ./Aplicacion/crp.o
START GROUP
LOAD c:/nxp/lpcxpresso_8.2.0_647/lpcxpresso/tools/bin/../lib/gcc/arm-none-eabi/5.3.1/../../../../arm-none-eabi/lib/armv7-m\libcr_c.a
LOAD c:/nxp/lpcxpresso_8.2.0_647/lpcxpresso/tools/bin/../lib/gcc/arm-none-eabi/5.3.1/armv7-m\libcr_eabihelpers.a
END GROUP
                0x00000000                __base_MFlash512 = 0x0
                0x00000000                __base_Flash = 0x0
                0x00080000                __top_MFlash512 = 0x80000
                0x00080000                __top_Flash = 0x80000
                0x10000000                __base_RamLoc32 = 0x10000000
                0x10000000                __base_RAM = 0x10000000
                0x10008000                __top_RamLoc32 = 0x10008000
                0x10008000                __top_RAM = 0x10008000
                0x2007c000                __base_RamAHB32 = 0x2007c000
                0x2007c000                __base_RAM2 = 0x2007c000
                0x20084000                __top_RamAHB32 = 0x20084000
                0x20084000                __top_RAM2 = 0x20084000

.text           0x00000000     0x1190
 FILL mask 0xff
                0x00000000                __vectors_start__ = ABSOLUTE (.)
 *(.isr_vector)
 .isr_vector    0x00000000       0xcc ./Aplicacion/cr_startup_lpc175x_6x.o
                0x00000000                g_pfnVectors
                0x000000cc                . = ALIGN (0x4)
                0x000000cc                __section_table_start = .
                0x000000cc                __data_section_table = .
                0x000000cc        0x4 LONG 0x1190 LOADADDR (.data)
                0x000000d0        0x4 LONG 0x10000000 ADDR (.data)
                0x000000d4        0x4 LONG 0x4 SIZEOF (.data)
                0x000000d8        0x4 LONG 0x1190 LOADADDR (.data_RAM2)
                0x000000dc        0x4 LONG 0x2007c000 ADDR (.data_RAM2)
                0x000000e0        0x4 LONG 0x0 SIZEOF (.data_RAM2)
                0x000000e4                __data_section_table_end = .
                0x000000e4                __bss_section_table = .
                0x000000e4        0x4 LONG 0x10000004 ADDR (.bss)
                0x000000e8        0x4 LONG 0x280 SIZEOF (.bss)
                0x000000ec        0x4 LONG 0x2007c000 ADDR (.bss_RAM2)
                0x000000f0        0x4 LONG 0x0 SIZEOF (.bss_RAM2)
                0x000000f4                __bss_section_table_end = .
                0x000000f4                __section_table_end = .
 *(.after_vectors*)
 .after_vectors
                0x000000f4      0x140 ./Aplicacion/cr_startup_lpc175x_6x.o
                0x000000f4                data_init
                0x00000138                bss_init
                0x00000170                ResetISR
                0x000001e4                NMI_Handler
                0x000001ec                HardFault_Handler
                0x000001f4                MemManage_Handler
                0x000001fc                BusFault_Handler
                0x00000204                UsageFault_Handler
                0x0000020c                SVC_Handler
                0x00000214                DebugMon_Handler
                0x0000021c                PendSV_Handler
                0x0000022c                UART1_IRQHandler
                0x0000022c                EINT3_IRQHandler
                0x0000022c                CANActivity_IRQHandler
                0x0000022c                TIMER3_IRQHandler
                0x0000022c                USBActivity_IRQHandler
                0x0000022c                EINT2_IRQHandler
                0x0000022c                IntDefaultHandler
                0x0000022c                PLL0_IRQHandler
                0x0000022c                I2C0_IRQHandler
                0x0000022c                PLL1_IRQHandler
                0x0000022c                I2C1_IRQHandler
                0x0000022c                I2S_IRQHandler
                0x0000022c                I2C2_IRQHandler
                0x0000022c                RTC_IRQHandler
                0x0000022c                SPI_IRQHandler
                0x0000022c                RIT_IRQHandler
                0x0000022c                EINT1_IRQHandler
                0x0000022c                TIMER1_IRQHandler
                0x0000022c                UART2_IRQHandler
                0x0000022c                SSP1_IRQHandler
                0x0000022c                USB_IRQHandler
                0x0000022c                BOD_IRQHandler
                0x0000022c                PWM1_IRQHandler
                0x0000022c                WDT_IRQHandler
                0x0000022c                SSP0_IRQHandler
                0x0000022c                QEI_IRQHandler
                0x0000022c                CAN_IRQHandler
                0x0000022c                DMA_IRQHandler
                0x0000022c                TIMER2_IRQHandler
                0x0000022c                UART3_IRQHandler
                0x0000022c                MCPWM_IRQHandler
                0x0000022c                ENET_IRQHandler
                0x000002fc                . = 0x2fc
 *fill*         0x00000234       0xc8 ff
                0x000002fc                PROVIDE (__CRP_WORD_START__, .)
 *(.crp)
 .crp           0x000002fc        0x4 ./Aplicacion/crp.o
                0x000002fc                CRP_WORD
                0x00000300                PROVIDE (__CRP_WORD_END__, .)
                0x00000001                ASSERT (! ((__CRP_WORD_START__ == __CRP_WORD_END__)), Linker CRP Enabled, but no CRP_WORD provided within application)
 *(.text*)
 .text.GetKey   0x00000300       0x24 ./Primitivas/PR_Teclado.o
                0x00000300                GetKey
 .text.TimerStart
                0x00000324       0xb0 ./Primitivas/PR_Timer.o
                0x00000324                TimerStart
 .text.TimerCheck
                0x000003d4       0x70 ./Primitivas/PR_Timer.o
                0x000003d4                TimerCheck
 .text.TimerEvent
                0x00000444       0x48 ./Primitivas/PR_Timer.o
                0x00000444                TimerEvent
 .text.EINT0_IRQHandler
                0x0000048c       0x1c ./Driver_LPC1769/DR_EINT.o
                0x0000048c                EINT0_IRQHandler
 .text.InitPLL  0x000004a8      0x140 ./Driver_LPC1769/DR_PLL.o
                0x000004a8                InitPLL
 .text.SysTick_Inicializacion
                0x000005e8       0x4c ./Driver_LPC1769/DR_SysTick.o
                0x000005e8                SysTick_Inicializacion
 .text.SysTick_Handler
                0x00000634       0x10 ./Driver_LPC1769/DR_SysTick.o
                0x00000634                SysTick_Handler
 .text.ADC_IRQHandler
                0x00000644       0x6c ./Driver_LPC1769/DR_adc.o
                0x00000644                ADC_IRQHandler
 .text.SetDIR   0x000006b0       0x74 ./Driver_LPC1769/DR_gpio.o
                0x000006b0                SetDIR
 .text.SetPIN   0x00000724       0x78 ./Driver_LPC1769/DR_gpio.o
                0x00000724                SetPIN
 .text.SetMODE  0x0000079c       0x9c ./Driver_LPC1769/DR_gpio.o
                0x0000079c                SetMODE
 .text.GetPIN   0x00000838       0x54 ./Driver_LPC1769/DR_gpio.o
                0x00000838                GetPIN
 .text.SetPINSEL
                0x0000088c       0x88 ./Driver_LPC1769/DR_pinsel.o
                0x0000088c                SetPINSEL
 .text.InicTimer0
                0x00000914       0xdc ./Driver_LPC1769/DR_timer0123.o
                0x00000914                InicTimer0
 .text.TIMER0_IRQHandler
                0x000009f0       0x34 ./Driver_LPC1769/DR_timer0123.o
                0x000009f0                TIMER0_IRQHandler
 .text.UART0_IRQHandler
                0x00000a24       0x70 ./Driver_LPC1769/DR_uart.o
                0x00000a24                UART0_IRQHandler
 .text.Push_RX  0x00000a94       0x54 ./Driver_LPC1769/DR_uart.o
                0x00000a94                Push_RX
 .text.Pop_TX   0x00000ae8       0x68 ./Driver_LPC1769/DR_uart.o
                0x00000ae8                Pop_TX
 .text.Inicializar_MPP
                0x00000b50       0x58 ./Driver_Infotronic/DR_MPP.o
                0x00000b50                Inicializar_MPP
 .text.motpp_off
                0x00000ba8       0x6c ./Driver_Infotronic/DR_MPP.o
                0x00000ba8                motpp_off
 .text.motpp_r  0x00000c14      0x104 ./Driver_Infotronic/DR_MPP.o
                0x00000c14                motpp_r
 .text.motpp_cr
                0x00000d18      0x104 ./Driver_Infotronic/DR_MPP.o
                0x00000d18                motpp_cr
 .text.girar    0x00000e1c       0x4c ./Driver_Infotronic/DR_MPP.o
                0x00000e1c                girar
 .text.retardo  0x00000e68       0x50 ./Driver_Infotronic/DR_MPP.o
                0x00000e68                retardo
 .text.statX    0x00000eb8       0x18 ./Driver_Infotronic/DR_MPP.o
                0x00000eb8                statX
 .text.statY    0x00000ed0       0x18 ./Driver_Infotronic/DR_MPP.o
                0x00000ed0                statY
 .text.InicializarTeclado
                0x00000ee8       0x80 ./Driver_Infotronic/DR_Teclado.o
                0x00000ee8                InicializarTeclado
 .text.DriverTecladoSW
                0x00000f68       0x98 ./Driver_Infotronic/DR_Teclado.o
                0x00000f68                DriverTecladoSW
 .text.DriverTecladoHW
                0x00001000       0x78 ./Driver_Infotronic/DR_Teclado.o
                0x00001000                DriverTecladoHW
 .text.Inicializacion
                0x00001078       0x68 ./Driver_Infotronic/Inicializacion.o
                0x00001078                Inicializacion
 .text.RELAYS_OFF
                0x000010e0       0x28 ./Driver_Infotronic/Inicializacion.o
                0x000010e0                RELAYS_OFF
 .text.main     0x00001108       0x14 ./Aplicacion/TPO.o
                0x00001108                main
 .text.teststepper
                0x0000111c       0x70 ./Aplicacion/TPO.o
                0x0000111c                teststepper
 .text.__weak_main
                0x0000118c        0x4 c:/nxp/lpcxpresso_8.2.0_647/lpcxpresso/tools/bin/../lib/gcc/arm-none-eabi/5.3.1/../../../../arm-none-eabi/lib/armv7-m\libcr_c.a(__weak__main.o)
                0x0000118c                __weak_main
                0x0000118c                __main
 *(.rodata .rodata.* .constdata .constdata.*)
                0x00001190                . = ALIGN (0x4)

.glue_7         0x00001190        0x0
 .glue_7        0x00001190        0x0 linker stubs

.glue_7t        0x00001190        0x0
 .glue_7t       0x00001190        0x0 linker stubs

.vfp11_veneer   0x00001190        0x0
 .vfp11_veneer  0x00001190        0x0 linker stubs

.v4_bx          0x00001190        0x0
 .v4_bx         0x00001190        0x0 linker stubs

.iplt           0x00001190        0x0
 .iplt          0x00001190        0x0 ./Primitivas/PR_7seg.o

.rel.dyn        0x00001190        0x0
 .rel.iplt      0x00001190        0x0 ./Primitivas/PR_7seg.o

.ARM.extab
 *(.ARM.extab* .gnu.linkonce.armextab.*)
                0x00001190                __exidx_start = .

.ARM.exidx
 *(.ARM.exidx* .gnu.linkonce.armexidx.*)
                0x00001190                __exidx_end = .
                0x00001190                _etext = .

.data_RAM2      0x2007c000        0x0 load address 0x00001190
 FILL mask 0xff
                [!provide]                PROVIDE (__start_data_RAM2, .)
 *(.ramfunc.$RAM2)
 *(.ramfunc.$RamAHB32)
 *(.data.$RAM2*)
 *(.data.$RamAHB32*)
                0x2007c000                . = ALIGN (0x4)
                [!provide]                PROVIDE (__end_data_RAM2, .)

.uninit_RESERVED
                0x10000000        0x0
 *(.bss.$RESERVED*)
                0x10000000                . = ALIGN (0x4)
                0x10000000                _end_uninit_RESERVED = .

.data           0x10000000        0x4 load address 0x00001190
 FILL mask 0xff
                0x10000000                _data = .
 *(vtable)
 *(.ramfunc*)
 *(.data*)
 .data.e_mot    0x10000000        0x2 ./Driver_Infotronic/DR_MPP.o
                0x10000000                e_mot
 .data.Tecla    0x10000002        0x1 ./Driver_Infotronic/DR_Teclado.o
                0x10000002                Tecla
 .data.CodigoAnterior.3723
                0x10000003        0x1 ./Driver_Infotronic/DR_Teclado.o
                0x10000004                . = ALIGN (0x4)
                0x10000004                _edata = .

.igot.plt       0x10000004        0x0 load address 0x00001194
 .igot.plt      0x10000004        0x0 ./Primitivas/PR_7seg.o

.bss_RAM2       0x2007c000        0x0
                [!provide]                PROVIDE (__start_bss_RAM2, .)
 *(.bss.$RAM2*)
 *(.bss.$RamAHB32*)
                0x2007c000                . = ALIGN ((. != 0x0)?0x4:0x1)
                [!provide]                PROVIDE (__end_bss_RAM2, .)

.bss            0x10000004      0x280
                0x10000004                _bss = .
 *(.bss*)
 .bss.TmrRun    0x10000004       0x50 ./Primitivas/PR_Timer.o
 .bss.TmrEvents
                0x10000054       0x14 ./Primitivas/PR_Timer.o
 .bss.TmrStandBy
                0x10000068       0x14 ./Primitivas/PR_Timer.o
 .bss.TmrHandlers
                0x1000007c       0x50 ./Primitivas/PR_Timer.o
 .bss.TmrBase   0x100000cc       0x14 ./Primitivas/PR_Timer.o
 .bss.ValorADC  0x100000e0       0xc8 ./Driver_LPC1769/DR_adc.o
                0x100000e0                ValorADC
 .bss.flagADC   0x100001a8        0x1 ./Driver_LPC1769/DR_adc.o
                0x100001a8                flagADC
 .bss.i.3728    0x100001a9        0x1 ./Driver_LPC1769/DR_adc.o
 *fill*         0x100001aa        0x2 
 .bss.estado    0x100001ac        0x4 ./Driver_LPC1769/DR_timer0123.o
                0x100001ac                estado
 .bss.bufferTX  0x100001b0       0x64 ./Driver_LPC1769/DR_uart.o
                0x100001b0                bufferTX
 .bss.bufferRX  0x10000214       0x64 ./Driver_LPC1769/DR_uart.o
                0x10000214                bufferRX
 .bss.inx_TX_out
                0x10000278        0x1 ./Driver_LPC1769/DR_uart.o
                0x10000278                inx_TX_out
 .bss.inx_TX_in
                0x10000279        0x1 ./Driver_LPC1769/DR_uart.o
                0x10000279                inx_TX_in
 .bss.inx_RX_in
                0x1000027a        0x1 ./Driver_LPC1769/DR_uart.o
                0x1000027a                inx_RX_in
 .bss.fEnviando
                0x1000027b        0x1 ./Driver_LPC1769/DR_uart.o
                0x1000027b                fEnviando
 .bss.cpaso     0x1000027c        0x2 ./Driver_Infotronic/DR_MPP.o
                0x1000027c                cpaso
 .bss.EstadosEstables.3724
                0x1000027e        0x1 ./Driver_Infotronic/DR_Teclado.o
 .bss.c.3834    0x1000027f        0x1 ./Aplicacion/TPO.o
 .bss.a.3835    0x10000280        0x1 ./Aplicacion/TPO.o
 *(COMMON)
                0x10000284                . = ALIGN (0x4)
 *fill*         0x10000281        0x3 
                0x10000284                _ebss = .
                [!provide]                PROVIDE (end, .)

.noinit_RAM2    0x2007c000        0x0
 *(.noinit.$RAM2*)
 *(.noinit.$RamAHB32*)
                0x2007c000                . = ALIGN (0x4)

.noinit         0x10000284        0x0
                0x10000284                _noinit = .
 *(.noinit*)
                0x10000284                . = ALIGN (0x4)
                0x10000284                _end_noinit = .
                [!provide]                PROVIDE (_pvHeapStart, DEFINED (__user_heap_base)?__user_heap_base:.)
                0x10008000                PROVIDE (_vStackTop, DEFINED (__user_stack_top)?__user_stack_top:(__top_RamLoc32 - 0x0))
                0xefff74c6                PROVIDE (__valid_user_code_checksum, (0x0 - ((((((_vStackTop + (ResetISR + 0x1)) + (NMI_Handler + 0x1)) + (HardFault_Handler + 0x1)) + (DEFINED (MemManage_Handler)?MemManage_Handler:0x0 + 0x1)) + (DEFINED (BusFault_Handler)?BusFault_Handler:0x0 + 0x1)) + (DEFINED (UsageFault_Handler)?UsageFault_Handler:0x0 + 0x1))))
OUTPUT(TPO.axf elf32-littlearm)

.debug_info     0x00000000     0x114c
 .debug_info    0x00000000       0x92 ./Primitivas/PR_Teclado.o
 .debug_info    0x00000092      0x2b8 ./Primitivas/PR_Timer.o
 .debug_info    0x0000034a       0x81 ./Driver_LPC1769/DR_EINT.o
 .debug_info    0x000003cb       0x70 ./Driver_LPC1769/DR_PLL.o
 .debug_info    0x0000043b      0x14b ./Driver_LPC1769/DR_SysTick.o
 .debug_info    0x00000586       0xe4 ./Driver_LPC1769/DR_adc.o
 .debug_info    0x0000066a      0x1c1 ./Driver_LPC1769/DR_gpio.o
 .debug_info    0x0000082b       0xa6 ./Driver_LPC1769/DR_pinsel.o
 .debug_info    0x000008d1       0x92 ./Driver_LPC1769/DR_timer0123.o
 .debug_info    0x00000963      0x18f ./Driver_LPC1769/DR_uart.o
 .debug_info    0x00000af2      0x1a3 ./Driver_Infotronic/DR_MPP.o
 .debug_info    0x00000c95       0xef ./Driver_Infotronic/DR_Teclado.o
 .debug_info    0x00000d84       0x92 ./Driver_Infotronic/Inicializacion.o
 .debug_info    0x00000e16       0xa4 ./Aplicacion/TPO.o
 .debug_info    0x00000eba      0x253 ./Aplicacion/cr_startup_lpc175x_6x.o
 .debug_info    0x0000110d       0x3f ./Aplicacion/crp.o

.debug_abbrev   0x00000000      0x960
 .debug_abbrev  0x00000000       0x76 ./Primitivas/PR_Teclado.o
 .debug_abbrev  0x00000076       0xe0 ./Primitivas/PR_Timer.o
 .debug_abbrev  0x00000156       0x6a ./Driver_LPC1769/DR_EINT.o
 .debug_abbrev  0x000001c0       0x52 ./Driver_LPC1769/DR_PLL.o
 .debug_abbrev  0x00000212       0xcc ./Driver_LPC1769/DR_SysTick.o
 .debug_abbrev  0x000002de       0x9e ./Driver_LPC1769/DR_adc.o
 .debug_abbrev  0x0000037c       0xba ./Driver_LPC1769/DR_gpio.o
 .debug_abbrev  0x00000436       0x70 ./Driver_LPC1769/DR_pinsel.o
 .debug_abbrev  0x000004a6       0x7b ./Driver_LPC1769/DR_timer0123.o
 .debug_abbrev  0x00000521       0xda ./Driver_LPC1769/DR_uart.o
 .debug_abbrev  0x000005fb       0xc5 ./Driver_Infotronic/DR_MPP.o
 .debug_abbrev  0x000006c0       0xa8 ./Driver_Infotronic/DR_Teclado.o
 .debug_abbrev  0x00000768       0x52 ./Driver_Infotronic/Inicializacion.o
 .debug_abbrev  0x000007ba       0x7b ./Aplicacion/TPO.o
 .debug_abbrev  0x00000835       0xf5 ./Aplicacion/cr_startup_lpc175x_6x.o
 .debug_abbrev  0x0000092a       0x36 ./Aplicacion/crp.o

.debug_aranges  0x00000000      0x338
 .debug_aranges
                0x00000000       0x20 ./Primitivas/PR_Teclado.o
 .debug_aranges
                0x00000020       0x58 ./Primitivas/PR_Timer.o
 .debug_aranges
                0x00000078       0x28 ./Driver_LPC1769/DR_EINT.o
 .debug_aranges
                0x000000a0       0x20 ./Driver_LPC1769/DR_PLL.o
 .debug_aranges
                0x000000c0       0x28 ./Driver_LPC1769/DR_SysTick.o
 .debug_aranges
                0x000000e8       0x28 ./Driver_LPC1769/DR_adc.o
 .debug_aranges
                0x00000110       0x38 ./Driver_LPC1769/DR_gpio.o
 .debug_aranges
                0x00000148       0x20 ./Driver_LPC1769/DR_pinsel.o
 .debug_aranges
                0x00000168       0x28 ./Driver_LPC1769/DR_timer0123.o
 .debug_aranges
                0x00000190       0x30 ./Driver_LPC1769/DR_uart.o
 .debug_aranges
                0x000001c0       0x58 ./Driver_Infotronic/DR_MPP.o
 .debug_aranges
                0x00000218       0x30 ./Driver_Infotronic/DR_Teclado.o
 .debug_aranges
                0x00000248       0x30 ./Driver_Infotronic/Inicializacion.o
 .debug_aranges
                0x00000278       0x28 ./Aplicacion/TPO.o
 .debug_aranges
                0x000002a0       0x80 ./Aplicacion/cr_startup_lpc175x_6x.o
 .debug_aranges
                0x00000320       0x18 ./Aplicacion/crp.o

.debug_ranges   0x00000000      0x230
 .debug_ranges  0x00000000       0x10 ./Primitivas/PR_Teclado.o
 .debug_ranges  0x00000010       0x48 ./Primitivas/PR_Timer.o
 .debug_ranges  0x00000058       0x18 ./Driver_LPC1769/DR_EINT.o
 .debug_ranges  0x00000070       0x10 ./Driver_LPC1769/DR_PLL.o
 .debug_ranges  0x00000080       0x18 ./Driver_LPC1769/DR_SysTick.o
 .debug_ranges  0x00000098       0x18 ./Driver_LPC1769/DR_adc.o
 .debug_ranges  0x000000b0       0x28 ./Driver_LPC1769/DR_gpio.o
 .debug_ranges  0x000000d8       0x10 ./Driver_LPC1769/DR_pinsel.o
 .debug_ranges  0x000000e8       0x18 ./Driver_LPC1769/DR_timer0123.o
 .debug_ranges  0x00000100       0x20 ./Driver_LPC1769/DR_uart.o
 .debug_ranges  0x00000120       0x48 ./Driver_Infotronic/DR_MPP.o
 .debug_ranges  0x00000168       0x20 ./Driver_Infotronic/DR_Teclado.o
 .debug_ranges  0x00000188       0x20 ./Driver_Infotronic/Inicializacion.o
 .debug_ranges  0x000001a8       0x18 ./Aplicacion/TPO.o
 .debug_ranges  0x000001c0       0x70 ./Aplicacion/cr_startup_lpc175x_6x.o

.debug_macro    0x00000000     0x1887
 .debug_macro   0x00000000       0x46 ./Primitivas/PR_Teclado.o
 .debug_macro   0x00000046       0x5e ./Primitivas/PR_Teclado.o
 .debug_macro   0x000000a4       0x28 ./Primitivas/PR_Teclado.o
 .debug_macro   0x000000cc      0x13b ./Primitivas/PR_Timer.o
 .debug_macro   0x00000207      0x13c ./Primitivas/PR_Timer.o
 .debug_macro   0x00000343       0x40 ./Primitivas/PR_Timer.o
 .debug_macro   0x00000383      0x118 ./Primitivas/PR_Timer.o
 .debug_macro   0x0000049b       0x64 ./Primitivas/PR_Timer.o
 .debug_macro   0x000004ff       0xbe ./Primitivas/PR_Timer.o
 .debug_macro   0x000005bd       0x3a ./Primitivas/PR_Timer.o
 .debug_macro   0x000005f7       0x94 ./Primitivas/PR_Timer.o
 .debug_macro   0x0000068b       0x10 ./Primitivas/PR_Timer.o
 .debug_macro   0x0000069b      0x247 ./Primitivas/PR_Timer.o
 .debug_macro   0x000008e2       0x28 ./Primitivas/PR_Timer.o
 .debug_macro   0x0000090a       0x40 ./Primitivas/PR_Timer.o
 .debug_macro   0x0000094a       0x6a ./Primitivas/PR_Timer.o
 .debug_macro   0x000009b4       0x10 ./Primitivas/PR_Timer.o
 .debug_macro   0x000009c4      0x12d ./Primitivas/PR_Timer.o
 .debug_macro   0x00000af1       0xa0 ./Primitivas/PR_Timer.o
 .debug_macro   0x00000b91      0x10a ./Driver_LPC1769/DR_EINT.o
 .debug_macro   0x00000c9b       0x29 ./Driver_LPC1769/DR_PLL.o
 .debug_macro   0x00000cc4      0x112 ./Driver_LPC1769/DR_PLL.o
 .debug_macro   0x00000dd6      0x110 ./Driver_LPC1769/DR_SysTick.o
 .debug_macro   0x00000ee6       0x3a ./Driver_LPC1769/DR_SysTick.o
 .debug_macro   0x00000f20       0x16 ./Driver_LPC1769/DR_SysTick.o
 .debug_macro   0x00000f36       0x2e ./Driver_LPC1769/DR_SysTick.o
 .debug_macro   0x00000f64      0x11f ./Driver_LPC1769/DR_adc.o
 .debug_macro   0x00001083       0x34 ./Driver_LPC1769/DR_adc.o
 .debug_macro   0x000010b7       0x29 ./Driver_LPC1769/DR_gpio.o
 .debug_macro   0x000010e0       0x29 ./Driver_LPC1769/DR_pinsel.o
 .debug_macro   0x00001109       0x53 ./Driver_LPC1769/DR_timer0123.o
 .debug_macro   0x0000115c      0x241 ./Driver_LPC1769/DR_timer0123.o
 .debug_macro   0x0000139d       0x53 ./Driver_LPC1769/DR_uart.o
 .debug_macro   0x000013f0      0x132 ./Driver_Infotronic/DR_MPP.o
 .debug_macro   0x00001522       0x22 ./Driver_Infotronic/DR_MPP.o
 .debug_macro   0x00001544       0x4b ./Driver_Infotronic/DR_Teclado.o
 .debug_macro   0x0000158f       0xff ./Driver_Infotronic/Inicializacion.o
 .debug_macro   0x0000168e      0x10c ./Aplicacion/TPO.o
 .debug_macro   0x0000179a       0x82 ./Aplicacion/TPO.o
 .debug_macro   0x0000181c       0x1d ./Aplicacion/cr_startup_lpc175x_6x.o
 .debug_macro   0x00001839       0x1a ./Aplicacion/crp.o
 .debug_macro   0x00001853       0x34 ./Aplicacion/crp.o

.debug_line     0x00000000     0x18cb
 .debug_line    0x00000000      0x126 ./Primitivas/PR_Teclado.o
 .debug_line    0x00000126      0x3cf ./Primitivas/PR_Timer.o
 .debug_line    0x000004f5      0x271 ./Driver_LPC1769/DR_EINT.o
 .debug_line    0x00000766       0xa7 ./Driver_LPC1769/DR_PLL.o
 .debug_line    0x0000080d      0x27a ./Driver_LPC1769/DR_SysTick.o
 .debug_line    0x00000a87       0xc2 ./Driver_LPC1769/DR_adc.o
 .debug_line    0x00000b49       0xb3 ./Driver_LPC1769/DR_gpio.o
 .debug_line    0x00000bfc       0x71 ./Driver_LPC1769/DR_pinsel.o
 .debug_line    0x00000c6d       0xcb ./Driver_LPC1769/DR_timer0123.o
 .debug_line    0x00000d38       0xd2 ./Driver_LPC1769/DR_uart.o
 .debug_line    0x00000e0a      0x30a ./Driver_Infotronic/DR_MPP.o
 .debug_line    0x00001114      0x128 ./Driver_Infotronic/DR_Teclado.o
 .debug_line    0x0000123c      0x288 ./Driver_Infotronic/Inicializacion.o
 .debug_line    0x000014c4      0x2b1 ./Aplicacion/TPO.o
 .debug_line    0x00001775       0xdb ./Aplicacion/cr_startup_lpc175x_6x.o
 .debug_line    0x00001850       0x7b ./Aplicacion/crp.o

.debug_str      0x00000000     0x5793
 .debug_str     0x00000000     0x26b4 ./Primitivas/PR_Teclado.o
                               0x26f1 (size before relaxing)
 .debug_str     0x000026b4     0x237f ./Primitivas/PR_Timer.o
                               0x4a6a (size before relaxing)
 .debug_str     0x00004a33       0x50 ./Driver_LPC1769/DR_EINT.o
                               0x4211 (size before relaxing)
 .debug_str     0x00004a83       0x6b ./Driver_LPC1769/DR_PLL.o
                               0x2aa7 (size before relaxing)
 .debug_str     0x00004aee       0xb5 ./Driver_LPC1769/DR_SysTick.o
                               0x42c0 (size before relaxing)
 .debug_str     0x00004ba3      0x203 ./Driver_LPC1769/DR_adc.o
                               0x3715 (size before relaxing)
 .debug_str     0x00004da6       0x5c ./Driver_LPC1769/DR_gpio.o
                               0x29b7 (size before relaxing)
 .debug_str     0x00004e02       0x34 ./Driver_LPC1769/DR_pinsel.o
                               0x26af (size before relaxing)
 .debug_str     0x00004e36       0x3e ./Driver_LPC1769/DR_timer0123.o
                               0x3bfd (size before relaxing)
 .debug_str     0x00004e74       0x87 ./Driver_LPC1769/DR_uart.o
                               0x36a5 (size before relaxing)
 .debug_str     0x00004efb       0xa9 ./Driver_Infotronic/DR_MPP.o
                               0x4272 (size before relaxing)
 .debug_str     0x00004fa4       0x92 ./Driver_Infotronic/DR_Teclado.o
                               0x2b59 (size before relaxing)
 .debug_str     0x00005036       0x46 ./Driver_Infotronic/Inicializacion.o
                               0x4216 (size before relaxing)
 .debug_str     0x0000507c      0x46e ./Aplicacion/TPO.o
                               0x462e (size before relaxing)
 .debug_str     0x000054ea      0x1b9 ./Aplicacion/cr_startup_lpc175x_6x.o
                               0x26a5 (size before relaxing)
 .debug_str     0x000056a3       0xf0 ./Aplicacion/crp.o
                               0x25bd (size before relaxing)

.comment        0x00000000       0xdc
 .comment       0x00000000       0x6e ./Primitivas/PR_Teclado.o
                                 0x6f (size before relaxing)
 .comment       0x0000006e       0x6f ./Primitivas/PR_Timer.o
 .comment       0x0000006e       0x6f ./Driver_LPC1769/DR_EINT.o
 .comment       0x0000006e       0x6f ./Driver_LPC1769/DR_PLL.o
 .comment       0x0000006e       0x6f ./Driver_LPC1769/DR_SysTick.o
 .comment       0x0000006e       0x6f ./Driver_LPC1769/DR_adc.o
 .comment       0x0000006e       0x6f ./Driver_LPC1769/DR_gpio.o
 .comment       0x0000006e       0x6f ./Driver_LPC1769/DR_pinsel.o
 .comment       0x0000006e       0x6f ./Driver_LPC1769/DR_timer0123.o
 .comment       0x0000006e       0x6f ./Driver_LPC1769/DR_uart.o
 .comment       0x0000006e       0x6f ./Driver_Infotronic/DR_MPP.o
 .comment       0x0000006e       0x6f ./Driver_Infotronic/DR_Teclado.o
 .comment       0x0000006e       0x6f ./Driver_Infotronic/Inicializacion.o
 .comment       0x0000006e       0x6f ./Aplicacion/TPO.o
 .comment       0x0000006e       0x6f ./Aplicacion/cr_startup_lpc175x_6x.o
 .comment       0x0000006e       0x6f ./Aplicacion/crp.o
 .comment       0x0000006e       0x6e c:/nxp/lpcxpresso_8.2.0_647/lpcxpresso/tools/bin/../lib/gcc/arm-none-eabi/5.3.1/../../../../arm-none-eabi/lib/armv7-m\libcr_c.a(__weak__main.o)
                                 0x6f (size before relaxing)

.ARM.attributes
                0x00000000       0x33
 .ARM.attributes
                0x00000000       0x33 ./Primitivas/PR_Teclado.o
 .ARM.attributes
                0x00000033       0x33 ./Primitivas/PR_Timer.o
 .ARM.attributes
                0x00000066       0x33 ./Driver_LPC1769/DR_EINT.o
 .ARM.attributes
                0x00000099       0x33 ./Driver_LPC1769/DR_PLL.o
 .ARM.attributes
                0x000000cc       0x33 ./Driver_LPC1769/DR_SysTick.o
 .ARM.attributes
                0x000000ff       0x33 ./Driver_LPC1769/DR_adc.o
 .ARM.attributes
                0x00000132       0x33 ./Driver_LPC1769/DR_gpio.o
 .ARM.attributes
                0x00000165       0x33 ./Driver_LPC1769/DR_pinsel.o
 .ARM.attributes
                0x00000198       0x33 ./Driver_LPC1769/DR_timer0123.o
 .ARM.attributes
                0x000001cb       0x33 ./Driver_LPC1769/DR_uart.o
 .ARM.attributes
                0x000001fe       0x33 ./Driver_Infotronic/DR_MPP.o
 .ARM.attributes
                0x00000231       0x33 ./Driver_Infotronic/DR_Teclado.o
 .ARM.attributes
                0x00000264       0x33 ./Driver_Infotronic/Inicializacion.o
 .ARM.attributes
                0x00000297       0x33 ./Aplicacion/TPO.o
 .ARM.attributes
                0x000002ca       0x33 ./Aplicacion/cr_startup_lpc175x_6x.o
 .ARM.attributes
                0x000002fd       0x33 ./Aplicacion/crp.o
 .ARM.attributes
                0x00000330       0x33 c:/nxp/lpcxpresso_8.2.0_647/lpcxpresso/tools/bin/../lib/gcc/arm-none-eabi/5.3.1/../../../../arm-none-eabi/lib/armv7-m\libcr_c.a(__weak__main.o)

.debug_frame    0x00000000      0x7fc
 .debug_frame   0x00000000       0x38 ./Primitivas/PR_Teclado.o
 .debug_frame   0x00000038      0x148 ./Primitivas/PR_Timer.o
 .debug_frame   0x00000180       0x4c ./Driver_LPC1769/DR_EINT.o
 .debug_frame   0x000001cc       0x30 ./Driver_LPC1769/DR_PLL.o
 .debug_frame   0x000001fc       0x4c ./Driver_LPC1769/DR_SysTick.o
 .debug_frame   0x00000248       0x4c ./Driver_LPC1769/DR_adc.o
 .debug_frame   0x00000294       0xb0 ./Driver_LPC1769/DR_gpio.o
 .debug_frame   0x00000344       0x38 ./Driver_LPC1769/DR_pinsel.o
 .debug_frame   0x0000037c       0x4c ./Driver_LPC1769/DR_timer0123.o
 .debug_frame   0x000003c8       0x84 ./Driver_LPC1769/DR_uart.o
 .debug_frame   0x0000044c      0x120 ./Driver_Infotronic/DR_MPP.o
 .debug_frame   0x0000056c       0x74 ./Driver_Infotronic/DR_Teclado.o
 .debug_frame   0x000005e0       0x64 ./Driver_Infotronic/Inicializacion.o
 .debug_frame   0x00000644       0x48 ./Aplicacion/TPO.o
 .debug_frame   0x0000068c      0x170 ./Aplicacion/cr_startup_lpc175x_6x.o
